2024-12-09 17:07:27,783 - INFO - Calling function: divide with args: (10, 0) kwargs: {}
2024-12-09 17:07:27,784 - ERROR - divide error: ZeroDivisionError. Inputs: (10, 0), {}
